Archive member included because of file (symbol)

/usr/lib/gcc/avr/4.8.2/avr51/libgcc.a(_exit.o)
                              /usr/lib/gcc/avr/4.8.2/../../../avr/lib/avr51/crtm128.o (exit)
/usr/lib/gcc/avr/4.8.2/avr51/libgcc.a(_tablejump.o)
                              twi_master.o (__tablejump2__)
/usr/lib/gcc/avr/4.8.2/avr51/libgcc.a(_clear_bss.o)
                              thermo3_skel.o (__do_clear_bss)
/usr/lib/gcc/avr/4.8.2/../../../avr/lib/avr51/libc.a(itoa.o)
                              thermo3_skel.o (itoa)
/usr/lib/gcc/avr/4.8.2/../../../avr/lib/avr51/libc.a(strrev.o)
                              /usr/lib/gcc/avr/4.8.2/../../../avr/lib/avr51/libc.a(itoa.o) (strrev)
/usr/lib/gcc/avr/4.8.2/avr51/libgcc.a(_udivmodhi4.o)
                              /usr/lib/gcc/avr/4.8.2/../../../avr/lib/avr51/libc.a(itoa.o) (__udivmodhi4)

Allocating common symbols
Common symbol       size              file

twi_state           0x1               twi_master.o
twi_buf             0x2               twi_master.o
lcd_string_array    0x10              thermo3_skel.o
lm73_wr_buf         0x2               lm73_functions_skel.o
twi_bus_addr        0x1               twi_master.o
i                   0x1               thermo3_skel.o
lcd_str             0x10              lcd_functions.o
twi_msg_size        0x1               twi_master.o
lm73_rd_buf         0x2               lm73_functions_skel.o

Memory Configuration

Name             Origin             Length             Attributes
text             0x0000000000000000 0x0000000000020000 xr
data             0x0000000000800100 0x000000000000ff00 rw !x
eeprom           0x0000000000810000 0x0000000000010000 rw !x
fuse             0x0000000000820000 0x0000000000000400 rw !x
lock             0x0000000000830000 0x0000000000000400 rw !x
signature        0x0000000000840000 0x0000000000000400 rw !x
user_signatures  0x0000000000850000 0x0000000000000400 rw !x
*default*        0x0000000000000000 0xffffffffffffffff

Linker script and memory map

Address of section .data set to 0x800100
LOAD /usr/lib/gcc/avr/4.8.2/../../../avr/lib/avr51/crtm128.o
LOAD thermo3_skel.o
LOAD lcd_functions.o
LOAD lm73_functions_skel.o
LOAD twi_master.o
START GROUP
LOAD /usr/lib/gcc/avr/4.8.2/avr51/libgcc.a
LOAD /usr/lib/gcc/avr/4.8.2/../../../avr/lib/avr51/libm.a
LOAD /usr/lib/gcc/avr/4.8.2/../../../avr/lib/avr51/libc.a
END GROUP

.hash
 *(.hash)

.dynsym
 *(.dynsym)

.dynstr
 *(.dynstr)

.gnu.version
 *(.gnu.version)

.gnu.version_d
 *(.gnu.version_d)

.gnu.version_r
 *(.gnu.version_r)

.rel.init
 *(.rel.init)

.rela.init
 *(.rela.init)

.rel.text
 *(.rel.text)
 *(.rel.text.*)
 *(.rel.gnu.linkonce.t*)

.rela.text
 *(.rela.text)
 *(.rela.text.*)
 *(.rela.gnu.linkonce.t*)

.rel.fini
 *(.rel.fini)

.rela.fini
 *(.rela.fini)

.rel.rodata
 *(.rel.rodata)
 *(.rel.rodata.*)
 *(.rel.gnu.linkonce.r*)

.rela.rodata
 *(.rela.rodata)
 *(.rela.rodata.*)
 *(.rela.gnu.linkonce.r*)

.rel.data
 *(.rel.data)
 *(.rel.data.*)
 *(.rel.gnu.linkonce.d*)

.rela.data
 *(.rela.data)
 *(.rela.data.*)
 *(.rela.gnu.linkonce.d*)

.rel.ctors
 *(.rel.ctors)

.rela.ctors
 *(.rela.ctors)

.rel.dtors
 *(.rel.dtors)

.rela.dtors
 *(.rela.dtors)

.rel.got
 *(.rel.got)

.rela.got
 *(.rela.got)

.rel.bss
 *(.rel.bss)

.rela.bss
 *(.rela.bss)

.rel.plt
 *(.rel.plt)

.rela.plt
 *(.rela.plt)

.text           0x0000000000000000      0x6be
 *(.vectors)
 .vectors       0x0000000000000000       0x8c /usr/lib/gcc/avr/4.8.2/../../../avr/lib/avr51/crtm128.o
                0x0000000000000000                __vectors
                0x0000000000000000                __vector_default
 *(.vectors)
 *(.progmem.gcc*)
 .progmem.gcc_sw_table
                0x000000000000008c       0xa2 twi_master.o
 *(.progmem*)
                0x000000000000012e                . = ALIGN (0x2)
                0x000000000000012e                __trampolines_start = .
 *(.trampolines)
 .trampolines   0x000000000000012e        0x0 linker stubs
 *(.trampolines*)
                0x000000000000012e                __trampolines_end = .
 *(.jumptables)
 *(.jumptables*)
 *(.lowtext)
 *(.lowtext*)
                0x000000000000012e                __ctors_start = .
 *(.ctors)
                0x000000000000012e                __ctors_end = .
                0x000000000000012e                __dtors_start = .
 *(.dtors)
                0x000000000000012e                __dtors_end = .
 SORT(*)(.ctors)
 SORT(*)(.dtors)
 *(.init0)
 .init0         0x000000000000012e        0x0 /usr/lib/gcc/avr/4.8.2/../../../avr/lib/avr51/crtm128.o
                0x000000000000012e                __init
 *(.init0)
 *(.init1)
 *(.init1)
 *(.init2)
 .init2         0x000000000000012e        0xc /usr/lib/gcc/avr/4.8.2/../../../avr/lib/avr51/crtm128.o
 *(.init2)
 *(.init3)
 *(.init3)
 *(.init4)
 .init4         0x000000000000013a       0x10 /usr/lib/gcc/avr/4.8.2/avr51/libgcc.a(_clear_bss.o)
                0x000000000000013a                __do_clear_bss
 *(.init4)
 *(.init5)
 *(.init5)
 *(.init6)
 *(.init6)
 *(.init7)
 *(.init7)
 *(.init8)
 *(.init8)
 *(.init9)
 .init9         0x000000000000014a        0x8 /usr/lib/gcc/avr/4.8.2/../../../avr/lib/avr51/crtm128.o
 *(.init9)
 *(.text)
 .text          0x0000000000000152        0x4 /usr/lib/gcc/avr/4.8.2/../../../avr/lib/avr51/crtm128.o
                0x0000000000000152                __vector_22
                0x0000000000000152                __vector_28
                0x0000000000000152                __vector_1
                0x0000000000000152                __vector_32
                0x0000000000000152                __vector_34
                0x0000000000000152                __vector_24
                0x0000000000000152                __vector_12
                0x0000000000000152                __bad_interrupt
                0x0000000000000152                __vector_6
                0x0000000000000152                __vector_31
                0x0000000000000152                __vector_3
                0x0000000000000152                __vector_23
                0x0000000000000152                __vector_30
                0x0000000000000152                __vector_25
                0x0000000000000152                __vector_11
                0x0000000000000152                __vector_13
                0x0000000000000152                __vector_17
                0x0000000000000152                __vector_19
                0x0000000000000152                __vector_7
                0x0000000000000152                __vector_27
                0x0000000000000152                __vector_5
                0x0000000000000152                __vector_4
                0x0000000000000152                __vector_9
                0x0000000000000152                __vector_2
                0x0000000000000152                __vector_21
                0x0000000000000152                __vector_15
                0x0000000000000152                __vector_29
                0x0000000000000152                __vector_8
                0x0000000000000152                __vector_26
                0x0000000000000152                __vector_14
                0x0000000000000152                __vector_10
                0x0000000000000152                __vector_16
                0x0000000000000152                __vector_18
                0x0000000000000152                __vector_20
 .text          0x0000000000000156       0x10 thermo3_skel.o
                0x0000000000000156                spi_init
 .text          0x0000000000000166      0x2b8 lcd_functions.o
                0x0000000000000166                strobe_lcd
                0x0000000000000178                clear_display
                0x00000000000001a8                cursor_home
                0x00000000000001cc                home_line2
                0x00000000000001f0                fill_spaces
                0x000000000000022c                char2lcd
                0x000000000000025c                cursor_off
                0x000000000000028c                string2lcd
                0x00000000000002e8                lcd_init
 .text          0x000000000000041e        0x2 lm73_functions_skel.o
                0x000000000000041e                lm73_temp_convert
 .text          0x0000000000000420      0x17a twi_master.o
                0x0000000000000420                __vector_33
                0x000000000000053c                twi_busy
                0x0000000000000544                twi_start_wr
                0x0000000000000566                twi_start_rd
                0x0000000000000588                init_twi
 .text          0x000000000000059a        0x0 /usr/lib/gcc/avr/4.8.2/avr51/libgcc.a(_exit.o)
 .text          0x000000000000059a        0x0 /usr/lib/gcc/avr/4.8.2/avr51/libgcc.a(_tablejump.o)
 .text          0x000000000000059a        0x0 /usr/lib/gcc/avr/4.8.2/avr51/libgcc.a(_clear_bss.o)
 .text          0x000000000000059a        0x0 /usr/lib/gcc/avr/4.8.2/../../../avr/lib/avr51/libc.a(itoa.o)
 .text          0x000000000000059a        0x0 /usr/lib/gcc/avr/4.8.2/../../../avr/lib/avr51/libc.a(strrev.o)
 .text          0x000000000000059a        0x0 /usr/lib/gcc/avr/4.8.2/avr51/libgcc.a(_udivmodhi4.o)
                0x000000000000059a                . = ALIGN (0x2)
 *(.text.*)
 .text.startup  0x000000000000059a       0x8a thermo3_skel.o
                0x000000000000059a                main
 .text.libgcc.mul
                0x0000000000000624        0x0 /usr/lib/gcc/avr/4.8.2/avr51/libgcc.a(_exit.o)
 .text.libgcc.div
                0x0000000000000624        0x0 /usr/lib/gcc/avr/4.8.2/avr51/libgcc.a(_exit.o)
 .text.libgcc   0x0000000000000624        0x0 /usr/lib/gcc/avr/4.8.2/avr51/libgcc.a(_exit.o)
 .text.libgcc.prologue
                0x0000000000000624        0x0 /usr/lib/gcc/avr/4.8.2/avr51/libgcc.a(_exit.o)
 .text.libgcc.builtins
                0x0000000000000624        0x0 /usr/lib/gcc/avr/4.8.2/avr51/libgcc.a(_exit.o)
 .text.libgcc.fmul
                0x0000000000000624        0x0 /usr/lib/gcc/avr/4.8.2/avr51/libgcc.a(_exit.o)
 .text.libgcc.fixed
                0x0000000000000624        0x0 /usr/lib/gcc/avr/4.8.2/avr51/libgcc.a(_exit.o)
 .text.libgcc.mul
                0x0000000000000624        0x0 /usr/lib/gcc/avr/4.8.2/avr51/libgcc.a(_tablejump.o)
 .text.libgcc.div
                0x0000000000000624        0x0 /usr/lib/gcc/avr/4.8.2/avr51/libgcc.a(_tablejump.o)
 .text.libgcc   0x0000000000000624        0xc /usr/lib/gcc/avr/4.8.2/avr51/libgcc.a(_tablejump.o)
                0x0000000000000624                __tablejump2__
                0x0000000000000628                __tablejump__
 .text.libgcc.prologue
                0x0000000000000630        0x0 /usr/lib/gcc/avr/4.8.2/avr51/libgcc.a(_tablejump.o)
 .text.libgcc.builtins
                0x0000000000000630        0x0 /usr/lib/gcc/avr/4.8.2/avr51/libgcc.a(_tablejump.o)
 .text.libgcc.fmul
                0x0000000000000630        0x0 /usr/lib/gcc/avr/4.8.2/avr51/libgcc.a(_tablejump.o)
 .text.libgcc.fixed
                0x0000000000000630        0x0 /usr/lib/gcc/avr/4.8.2/avr51/libgcc.a(_tablejump.o)
 .text.libgcc.mul
                0x0000000000000630        0x0 /usr/lib/gcc/avr/4.8.2/avr51/libgcc.a(_clear_bss.o)
 .text.libgcc.div
                0x0000000000000630        0x0 /usr/lib/gcc/avr/4.8.2/avr51/libgcc.a(_clear_bss.o)
 .text.libgcc   0x0000000000000630        0x0 /usr/lib/gcc/avr/4.8.2/avr51/libgcc.a(_clear_bss.o)
 .text.libgcc.prologue
                0x0000000000000630        0x0 /usr/lib/gcc/avr/4.8.2/avr51/libgcc.a(_clear_bss.o)
 .text.libgcc.builtins
                0x0000000000000630        0x0 /usr/lib/gcc/avr/4.8.2/avr51/libgcc.a(_clear_bss.o)
 .text.libgcc.fmul
                0x0000000000000630        0x0 /usr/lib/gcc/avr/4.8.2/avr51/libgcc.a(_clear_bss.o)
 .text.libgcc.fixed
                0x0000000000000630        0x0 /usr/lib/gcc/avr/4.8.2/avr51/libgcc.a(_clear_bss.o)
 .text.avr-libc
                0x0000000000000630       0x42 /usr/lib/gcc/avr/4.8.2/../../../avr/lib/avr51/libc.a(itoa.o)
                0x0000000000000630                itoa
 .text.avr-libc
                0x0000000000000672       0x20 /usr/lib/gcc/avr/4.8.2/../../../avr/lib/avr51/libc.a(strrev.o)
                0x0000000000000672                strrev
 .text.libgcc.mul
                0x0000000000000692        0x0 /usr/lib/gcc/avr/4.8.2/avr51/libgcc.a(_udivmodhi4.o)
 .text.libgcc.div
                0x0000000000000692       0x28 /usr/lib/gcc/avr/4.8.2/avr51/libgcc.a(_udivmodhi4.o)
                0x0000000000000692                __udivmodhi4
 .text.libgcc   0x00000000000006ba        0x0 /usr/lib/gcc/avr/4.8.2/avr51/libgcc.a(_udivmodhi4.o)
 .text.libgcc.prologue
                0x00000000000006ba        0x0 /usr/lib/gcc/avr/4.8.2/avr51/libgcc.a(_udivmodhi4.o)
 .text.libgcc.builtins
                0x00000000000006ba        0x0 /usr/lib/gcc/avr/4.8.2/avr51/libgcc.a(_udivmodhi4.o)
 .text.libgcc.fmul
                0x00000000000006ba        0x0 /usr/lib/gcc/avr/4.8.2/avr51/libgcc.a(_udivmodhi4.o)
 .text.libgcc.fixed
                0x00000000000006ba        0x0 /usr/lib/gcc/avr/4.8.2/avr51/libgcc.a(_udivmodhi4.o)
                0x00000000000006ba                . = ALIGN (0x2)
 *(.fini9)
 .fini9         0x00000000000006ba        0x0 /usr/lib/gcc/avr/4.8.2/avr51/libgcc.a(_exit.o)
                0x00000000000006ba                exit
                0x00000000000006ba                _exit
 *(.fini9)
 *(.fini8)
 *(.fini8)
 *(.fini7)
 *(.fini7)
 *(.fini6)
 *(.fini6)
 *(.fini5)
 *(.fini5)
 *(.fini4)
 *(.fini4)
 *(.fini3)
 *(.fini3)
 *(.fini2)
 *(.fini2)
 *(.fini1)
 *(.fini1)
 *(.fini0)
 .fini0         0x00000000000006ba        0x4 /usr/lib/gcc/avr/4.8.2/avr51/libgcc.a(_exit.o)
 *(.fini0)
                0x00000000000006be                _etext = .

.data           0x0000000000800100        0x0 load address 0x00000000000006be
                0x0000000000800100                PROVIDE (__data_start, .)
 *(.data)
 .data          0x0000000000800100        0x0 /usr/lib/gcc/avr/4.8.2/../../../avr/lib/avr51/crtm128.o
 .data          0x0000000000800100        0x0 thermo3_skel.o
 .data          0x0000000000800100        0x0 lcd_functions.o
 .data          0x0000000000800100        0x0 lm73_functions_skel.o
 .data          0x0000000000800100        0x0 twi_master.o
 .data          0x0000000000800100        0x0 /usr/lib/gcc/avr/4.8.2/avr51/libgcc.a(_exit.o)
 .data          0x0000000000800100        0x0 /usr/lib/gcc/avr/4.8.2/avr51/libgcc.a(_tablejump.o)
 .data          0x0000000000800100        0x0 /usr/lib/gcc/avr/4.8.2/avr51/libgcc.a(_clear_bss.o)
 .data          0x0000000000800100        0x0 /usr/lib/gcc/avr/4.8.2/../../../avr/lib/avr51/libc.a(itoa.o)
 .data          0x0000000000800100        0x0 /usr/lib/gcc/avr/4.8.2/../../../avr/lib/avr51/libc.a(strrev.o)
 .data          0x0000000000800100        0x0 /usr/lib/gcc/avr/4.8.2/avr51/libgcc.a(_udivmodhi4.o)
 *(.data*)
 *(.rodata)
 *(.rodata*)
 *(.gnu.linkonce.d*)
                0x0000000000800100                . = ALIGN (0x2)
                0x0000000000800100                _edata = .
                0x0000000000800100                PROVIDE (__data_end, .)

.bss            0x0000000000800100       0x2b
                0x0000000000800100                PROVIDE (__bss_start, .)
 *(.bss)
 .bss           0x0000000000800100        0x0 /usr/lib/gcc/avr/4.8.2/../../../avr/lib/avr51/crtm128.o
 .bss           0x0000000000800100        0x0 thermo3_skel.o
 .bss           0x0000000000800100        0x0 lcd_functions.o
 .bss           0x0000000000800100        0x0 lm73_functions_skel.o
 .bss           0x0000000000800100        0x1 twi_master.o
 .bss           0x0000000000800101        0x0 /usr/lib/gcc/avr/4.8.2/avr51/libgcc.a(_exit.o)
 .bss           0x0000000000800101        0x0 /usr/lib/gcc/avr/4.8.2/avr51/libgcc.a(_tablejump.o)
 .bss           0x0000000000800101        0x0 /usr/lib/gcc/avr/4.8.2/avr51/libgcc.a(_clear_bss.o)
 .bss           0x0000000000800101        0x0 /usr/lib/gcc/avr/4.8.2/../../../avr/lib/avr51/libc.a(itoa.o)
 .bss           0x0000000000800101        0x0 /usr/lib/gcc/avr/4.8.2/../../../avr/lib/avr51/libc.a(strrev.o)
 .bss           0x0000000000800101        0x0 /usr/lib/gcc/avr/4.8.2/avr51/libgcc.a(_udivmodhi4.o)
 *(.bss*)
 *(COMMON)
 COMMON         0x0000000000800101       0x11 thermo3_skel.o
                0x0000000000800101                lcd_string_array
                0x0000000000800111                i
 COMMON         0x0000000000800112       0x10 lcd_functions.o
                0x0000000000800112                lcd_str
 COMMON         0x0000000000800122        0x4 lm73_functions_skel.o
                0x0000000000800122                lm73_wr_buf
                0x0000000000800124                lm73_rd_buf
 COMMON         0x0000000000800126        0x5 twi_master.o
                0x0000000000800126                twi_state
                0x0000000000800127                twi_buf
                0x0000000000800129                twi_bus_addr
                0x000000000080012a                twi_msg_size
                0x000000000080012b                PROVIDE (__bss_end, .)
                0x00000000000006be                __data_load_start = LOADADDR (.data)
                0x00000000000006be                __data_load_end = (__data_load_start + SIZEOF (.data))

.noinit         0x000000000080012b        0x0
                0x000000000080012b                PROVIDE (__noinit_start, .)
 *(.noinit*)
                0x000000000080012b                PROVIDE (__noinit_end, .)
                0x000000000080012b                _end = .
                0x000000000080012b                PROVIDE (__heap_start, .)

.eeprom         0x0000000000810000        0x0
 *(.eeprom*)
                0x0000000000810000                __eeprom_end = .

.fuse
 *(.fuse)
 *(.lfuse)
 *(.hfuse)
 *(.efuse)

.lock
 *(.lock*)

.signature
 *(.signature*)

.user_signatures
 *(.user_signatures*)

.stab           0x0000000000000000     0x2508
 *(.stab)
 .stab          0x0000000000000000      0x6cc /usr/lib/gcc/avr/4.8.2/../../../avr/lib/avr51/crtm128.o
 .stab          0x00000000000006cc      0x6c0 thermo3_skel.o
                                        0x6cc (size before relaxing)
 .stab          0x0000000000000d8c      0xb28 lcd_functions.o
                                        0xd5c (size before relaxing)
 .stab          0x00000000000018b4      0x348 lm73_functions_skel.o
                                        0x510 (size before relaxing)
 .stab          0x0000000000001bfc      0x684 twi_master.o
                                        0x87c (size before relaxing)
 .stab          0x0000000000002280      0x1b0 /usr/lib/gcc/avr/4.8.2/../../../avr/lib/avr51/libc.a(itoa.o)
                                        0x1bc (size before relaxing)
 .stab          0x0000000000002430       0xd8 /usr/lib/gcc/avr/4.8.2/../../../avr/lib/avr51/libc.a(strrev.o)
                                         0xe4 (size before relaxing)

.stabstr        0x0000000000000000     0x1179
 *(.stabstr)
 .stabstr       0x0000000000000000     0x1179 /usr/lib/gcc/avr/4.8.2/../../../avr/lib/avr51/crtm128.o

.stab.excl
 *(.stab.excl)

.stab.exclstr
 *(.stab.exclstr)

.stab.index
 *(.stab.index)

.stab.indexstr
 *(.stab.indexstr)

.comment        0x0000000000000000       0x11
 *(.comment)
 .comment       0x0000000000000000       0x11 thermo3_skel.o
                                         0x12 (size before relaxing)
 .comment       0x0000000000000000       0x12 lcd_functions.o
 .comment       0x0000000000000000       0x12 lm73_functions_skel.o
 .comment       0x0000000000000000       0x12 twi_master.o

.debug
 *(.debug)

.line
 *(.line)

.debug_srcinfo
 *(.debug_srcinfo)

.debug_sfnames
 *(.debug_sfnames)

.debug_aranges
 *(.debug_aranges)

.debug_pubnames
 *(.debug_pubnames)

.debug_info
 *(.debug_info)
 *(.gnu.linkonce.wi.*)

.debug_abbrev
 *(.debug_abbrev)

.debug_line
 *(.debug_line)

.debug_frame
 *(.debug_frame)

.debug_str
 *(.debug_str)

.debug_loc
 *(.debug_loc)

.debug_macinfo
 *(.debug_macinfo)

.debug_pubtypes
 *(.debug_pubtypes)

.debug_ranges
 *(.debug_ranges)

.debug_macro
 *(.debug_macro)
OUTPUT(thermo3_skel.elf elf32-avr)
LOAD linker stubs
